<?xml version="1.0" encoding="UTF-8"?>
<testsuites>
  <testsuite name="C:\OpenClassrooms\projects\ToDoList\phpunit.xml.dist" tests="34" assertions="88" errors="0" failures="0" skipped="0" time="5.312011">
    <testsuite name="Project Test Suite" tests="34" assertions="88" errors="0" failures="0" skipped="0" time="5.312011">
      <testsuite name="App\Tests\Controllers\DefaultControllerTest" file="C:\OpenClassrooms\projects\ToDoList\tests\Controllers\DefaultControllerTest.php" tests="1" assertions="2" errors="0" failures="0" skipped="0" time="0.482134">
        <testcase name="testIndex" file="C:\OpenClassrooms\projects\ToDoList\tests\Controllers\DefaultControllerTest.php" line="19" class="App\Tests\Controllers\DefaultControllerTest" classname="App.Tests.Controllers.DefaultControllerTest" assertions="2" time="0.482134"/>
      </testsuite>
      <testsuite name="App\Tests\Controllers\TaskControllerTest" file="C:\OpenClassrooms\projects\ToDoList\tests\Controllers\TaskControllerTest.php" tests="9" assertions="41" errors="0" failures="0" skipped="0" time="3.055553">
        <testcase name="testTaskListView" file="C:\OpenClassrooms\projects\ToDoList\tests\Controllers\TaskControllerTest.php" line="73" class="App\Tests\Controllers\TaskControllerTest" classname="App.Tests.Controllers.TaskControllerTest" assertions="2" time="0.831822"/>
        <testcase name="testCreateTaskFormIsRendered" file="C:\OpenClassrooms\projects\ToDoList\tests\Controllers\TaskControllerTest.php" line="95" class="App\Tests\Controllers\TaskControllerTest" classname="App.Tests.Controllers.TaskControllerTest" assertions="3" time="0.172338"/>
        <testcase name="testAnonymousUserCreateTask" file="C:\OpenClassrooms\projects\ToDoList\tests\Controllers\TaskControllerTest.php" line="117" class="App\Tests\Controllers\TaskControllerTest" classname="App.Tests.Controllers.TaskControllerTest" assertions="7" time="0.480499"/>
        <testcase name="testLoggedInUserCreateTask" file="C:\OpenClassrooms\projects\ToDoList\tests\Controllers\TaskControllerTest.php" line="147" class="App\Tests\Controllers\TaskControllerTest" classname="App.Tests.Controllers.TaskControllerTest" assertions="7" time="0.409649"/>
        <testcase name="testEditTaskFormIsRendered" file="C:\OpenClassrooms\projects\ToDoList\tests\Controllers\TaskControllerTest.php" line="177" class="App\Tests\Controllers\TaskControllerTest" classname="App.Tests.Controllers.TaskControllerTest" assertions="3" time="0.106269"/>
        <testcase name="testUserCanEditTask" file="C:\OpenClassrooms\projects\ToDoList\tests\Controllers\TaskControllerTest.php" line="202" class="App\Tests\Controllers\TaskControllerTest" classname="App.Tests.Controllers.TaskControllerTest" assertions="5" time="0.347518"/>
        <testcase name="testToggleTask" file="C:\OpenClassrooms\projects\ToDoList\tests\Controllers\TaskControllerTest.php" line="227" class="App\Tests\Controllers\TaskControllerTest" classname="App.Tests.Controllers.TaskControllerTest" assertions="4" time="0.117008"/>
        <testcase name="testUserCanDeleteOneOfTheirTasks" file="C:\OpenClassrooms\projects\ToDoList\tests\Controllers\TaskControllerTest.php" line="246" class="App\Tests\Controllers\TaskControllerTest" classname="App.Tests.Controllers.TaskControllerTest" assertions="5" time="0.274210"/>
        <testcase name="testUserCannotDeleteTaskFromAnotherUser" file="C:\OpenClassrooms\projects\ToDoList\tests\Controllers\TaskControllerTest.php" line="273" class="App\Tests\Controllers\TaskControllerTest" classname="App.Tests.Controllers.TaskControllerTest" assertions="5" time="0.316240"/>
      </testsuite>
      <testsuite name="App\Tests\Controllers\UserControllerTest" file="C:\OpenClassrooms\projects\ToDoList\tests\Controllers\UserControllerTest.php" tests="7" assertions="22" errors="0" failures="0" skipped="0" time="1.734453">
        <testcase name="testAdminCanAccessToUserList" file="C:\OpenClassrooms\projects\ToDoList\tests\Controllers\UserControllerTest.php" line="64" class="App\Tests\Controllers\UserControllerTest" classname="App.Tests.Controllers.UserControllerTest" assertions="2" time="0.232585"/>
        <testcase name="testUserCannotAccessToUserList" file="C:\OpenClassrooms\projects\ToDoList\tests\Controllers\UserControllerTest.php" line="87" class="App\Tests\Controllers\UserControllerTest" classname="App.Tests.Controllers.UserControllerTest" assertions="5" time="0.183349"/>
        <testcase name="testCreateUserFormIsRendered" file="C:\OpenClassrooms\projects\ToDoList\tests\Controllers\UserControllerTest.php" line="109" class="App\Tests\Controllers\UserControllerTest" classname="App.Tests.Controllers.UserControllerTest" assertions="2" time="0.121673"/>
        <testcase name="testCreateUserFormIsSubmittedByAdmin" file="C:\OpenClassrooms\projects\ToDoList\tests\Controllers\UserControllerTest.php" line="119" class="App\Tests\Controllers\UserControllerTest" classname="App.Tests.Controllers.UserControllerTest" assertions="5" time="0.421857"/>
        <testcase name="testCreateUserFormIsSubmittedByUser" file="C:\OpenClassrooms\projects\ToDoList\tests\Controllers\UserControllerTest.php" line="143" class="App\Tests\Controllers\UserControllerTest" classname="App.Tests.Controllers.UserControllerTest" assertions="3" time="0.327439"/>
        <testcase name="testEditUserFormIsRendered" file="C:\OpenClassrooms\projects\ToDoList\tests\Controllers\UserControllerTest.php" line="166" class="App\Tests\Controllers\UserControllerTest" classname="App.Tests.Controllers.UserControllerTest" assertions="2" time="0.107768"/>
        <testcase name="testEditUserFormIsSubmitted" file="C:\OpenClassrooms\projects\ToDoList\tests\Controllers\UserControllerTest.php" line="180" class="App\Tests\Controllers\UserControllerTest" classname="App.Tests.Controllers.UserControllerTest" assertions="3" time="0.339782"/>
      </testsuite>
      <testsuite name="App\Tests\Entity\TaskTest" file="C:\OpenClassrooms\projects\ToDoList\tests\Entity\TaskTest.php" tests="6" assertions="8" errors="0" failures="0" skipped="0" time="0.013609">
        <testcase name="testGetId" file="C:\OpenClassrooms\projects\ToDoList\tests\Entity\TaskTest.php" line="15" class="App\Tests\Entity\TaskTest" classname="App.Tests.Entity.TaskTest" assertions="1" time="0.002135"/>
        <testcase name="testSetTitle" file="C:\OpenClassrooms\projects\ToDoList\tests\Entity\TaskTest.php" line="25" class="App\Tests\Entity\TaskTest" classname="App.Tests.Entity.TaskTest" assertions="1" time="0.002000"/>
        <testcase name="testSetContent" file="C:\OpenClassrooms\projects\ToDoList\tests\Entity\TaskTest.php" line="36" class="App\Tests\Entity\TaskTest" classname="App.Tests.Entity.TaskTest" assertions="1" time="0.002064"/>
        <testcase name="testIsDone" file="C:\OpenClassrooms\projects\ToDoList\tests\Entity\TaskTest.php" line="47" class="App\Tests\Entity\TaskTest" classname="App.Tests.Entity.TaskTest" assertions="1" time="0.002773"/>
        <testcase name="testToggle" file="C:\OpenClassrooms\projects\ToDoList\tests\Entity\TaskTest.php" line="57" class="App\Tests\Entity\TaskTest" classname="App.Tests.Entity.TaskTest" assertions="3" time="0.002315"/>
        <testcase name="testCreatedAt" file="C:\OpenClassrooms\projects\ToDoList\tests\Entity\TaskTest.php" line="75" class="App\Tests\Entity\TaskTest" classname="App.Tests.Entity.TaskTest" assertions="1" time="0.002322"/>
      </testsuite>
      <testsuite name="App\Tests\Entity\UserTest" file="C:\OpenClassrooms\projects\ToDoList\tests\Entity\UserTest.php" tests="11" assertions="15" errors="0" failures="0" skipped="0" time="0.026262">
        <testcase name="testGetId" file="C:\OpenClassrooms\projects\ToDoList\tests\Entity\UserTest.php" line="17" class="App\Tests\Entity\UserTest" classname="App.Tests.Entity.UserTest" assertions="1" time="0.002154"/>
        <testcase name="testSetEmail" file="C:\OpenClassrooms\projects\ToDoList\tests\Entity\UserTest.php" line="27" class="App\Tests\Entity\UserTest" classname="App.Tests.Entity.UserTest" assertions="1" time="0.002224"/>
        <testcase name="testGetUserIdentifier" file="C:\OpenClassrooms\projects\ToDoList\tests\Entity\UserTest.php" line="38" class="App\Tests\Entity\UserTest" classname="App.Tests.Entity.UserTest" assertions="1" time="0.002157"/>
        <testcase name="testGetRoles" file="C:\OpenClassrooms\projects\ToDoList\tests\Entity\UserTest.php" line="49" class="App\Tests\Entity\UserTest" classname="App.Tests.Entity.UserTest" assertions="2" time="0.002071"/>
        <testcase name="testSetRoles" file="C:\OpenClassrooms\projects\ToDoList\tests\Entity\UserTest.php" line="62" class="App\Tests\Entity\UserTest" classname="App.Tests.Entity.UserTest" assertions="1" time="0.001868"/>
        <testcase name="testSetPassword" file="C:\OpenClassrooms\projects\ToDoList\tests\Entity\UserTest.php" line="73" class="App\Tests\Entity\UserTest" classname="App.Tests.Entity.UserTest" assertions="1" time="0.002366"/>
        <testcase name="testEraseCredentials" file="C:\OpenClassrooms\projects\ToDoList\tests\Entity\UserTest.php" line="85" class="App\Tests\Entity\UserTest" classname="App.Tests.Entity.UserTest" assertions="1" time="0.003317"/>
        <testcase name="testSetUsername" file="C:\OpenClassrooms\projects\ToDoList\tests\Entity\UserTest.php" line="98" class="App\Tests\Entity\UserTest" classname="App.Tests.Entity.UserTest" assertions="1" time="0.003703"/>
        <testcase name="testGetTasks" file="C:\OpenClassrooms\projects\ToDoList\tests\Entity\UserTest.php" line="109" class="App\Tests\Entity\UserTest" classname="App.Tests.Entity.UserTest" assertions="1" time="0.002418"/>
        <testcase name="testAddTask" file="C:\OpenClassrooms\projects\ToDoList\tests\Entity\UserTest.php" line="119" class="App\Tests\Entity\UserTest" classname="App.Tests.Entity.UserTest" assertions="2" time="0.001691"/>
        <testcase name="testRemoveTask" file="C:\OpenClassrooms\projects\ToDoList\tests\Entity\UserTest.php" line="133" class="App\Tests\Entity\UserTest" classname="App.Tests.Entity.UserTest" assertions="3" time="0.002293"/>
      </testsuite>
    </testsuite>
  </testsuite>
</testsuites>
